  Determining projects to restore...
  All projects are up-to-date for restore.
C:\Users\caddy\Desktop\Projects\csharp-planetrender\csharp-planetary-port\Formats\TiffLoader.cs(10,23): warning CS8618: Non-nullable property 'Data' must contain a non-null value when exiting constructor. Consider adding the 'required' modifier or declaring the property as nullable. [C:\Users\caddy\Desktop\Projects\csharp-planetrender\csharp-planetary-port\PlanetaryTerrainRenderer.csproj]
C:\Users\caddy\Desktop\Projects\csharp-planetrender\csharp-planetary-port\Render\Render.cs(34,33): warning CS8618: Non-nullable field 'TerrainConfigBuffer' must contain a non-null value when exiting constructor. Consider adding the 'required' modifier or declaring the field as nullable. [C:\Users\caddy\Desktop\Projects\csharp-planetrender\csharp-planetary-port\PlanetaryTerrainRenderer.csproj]
C:\Users\caddy\Desktop\Projects\csharp-planetrender\csharp-planetary-port\Render\Render.cs(41,32): warning CS8618: Non-nullable field 'PrepassViewBuffer' must contain a non-null value when exiting constructor. Consider adding the 'required' modifier or declaring the field as nullable. [C:\Users\caddy\Desktop\Projects\csharp-planetrender\csharp-planetary-port\PlanetaryTerrainRenderer.csproj]
C:\Users\caddy\Desktop\Projects\csharp-planetrender\csharp-planetary-port\TerrainManager.cs(106,16): warning CS8618: Non-nullable property 'GpuTileAtlas' must contain a non-null value when exiting constructor. Consider adding the 'required' modifier or declaring the property as nullable. [C:\Users\caddy\Desktop\Projects\csharp-planetrender\csharp-planetary-port\PlanetaryTerrainRenderer.csproj]
C:\Users\caddy\Desktop\Projects\csharp-planetrender\csharp-planetary-port\TerrainManager.cs(106,16): warning CS8618: Non-nullable property 'GpuView' must contain a non-null value when exiting constructor. Consider adding the 'required' modifier or declaring the property as nullable. [C:\Users\caddy\Desktop\Projects\csharp-planetrender\csharp-planetary-port\PlanetaryTerrainRenderer.csproj]
C:\Users\caddy\Desktop\Projects\csharp-planetrender\csharp-planetary-port\TerrainManager.cs(106,16): warning CS8618: Non-nullable property 'Material' must contain a non-null value when exiting constructor. Consider adding the 'required' modifier or declaring the property as nullable. [C:\Users\caddy\Desktop\Projects\csharp-planetrender\csharp-planetary-port\PlanetaryTerrainRenderer.csproj]
C:\Users\caddy\Desktop\Projects\csharp-planetrender\csharp-planetary-port\TerrainManager.cs(18,16): warning CS8618: Non-nullable field 'DebugVertexBuffer' must contain a non-null value when exiting constructor. Consider adding the 'required' modifier or declaring the field as nullable. [C:\Users\caddy\Desktop\Projects\csharp-planetrender\csharp-planetary-port\PlanetaryTerrainRenderer.csproj]
C:\Users\caddy\Desktop\Projects\csharp-planetrender\csharp-planetary-port\TerrainData\TileLoader.cs(11,32): warning CS8618: Non-nullable field 'Label' must contain a non-null value when exiting constructor. Consider adding the 'required' modifier or declaring the field as nullable. [C:\Users\caddy\Desktop\Projects\csharp-planetrender\csharp-planetary-port\PlanetaryTerrainRenderer.csproj]
C:\Users\caddy\Desktop\Projects\csharp-planetrender\csharp-planetary-port\TerrainData\TileAtlas.cs(18,32): warning CS8618: Non-nullable field 'Label' must contain a non-null value when exiting constructor. Consider adding the 'required' modifier or declaring the field as nullable. [C:\Users\caddy\Desktop\Projects\csharp-planetrender\csharp-planetary-port\PlanetaryTerrainRenderer.csproj]
C:\Users\caddy\Desktop\Projects\csharp-planetrender\csharp-planetary-port\TerrainData\TileAtlas.cs(19,31): warning CS8618: Non-nullable field 'Data' must contain a non-null value when exiting constructor. Consider adding the 'required' modifier or declaring the field as nullable. [C:\Users\caddy\Desktop\Projects\csharp-planetrender\csharp-planetary-port\PlanetaryTerrainRenderer.csproj]
C:\Users\caddy\Desktop\Projects\csharp-planetrender\csharp-planetary-port\TerrainData\TileLoader.cs(16,23): warning CS8618: Non-nullable field 'Bytes' must contain a non-null value when exiting constructor. Consider adding the 'required' modifier or declaring the field as nullable. [C:\Users\caddy\Desktop\Projects\csharp-planetrender\csharp-planetary-port\PlanetaryTerrainRenderer.csproj]
C:\Users\caddy\Desktop\Projects\csharp-planetrender\csharp-planetary-port\Render\HeadlessCapture.cs(63,114): error CS0034: Operator '*' is ambiguous on operands of type 'int' and 'ulong' [C:\Users\caddy\Desktop\Projects\csharp-planetrender\csharp-planetary-port\PlanetaryTerrainRenderer.csproj]
C:\Users\caddy\Desktop\Projects\csharp-planetrender\csharp-planetary-port\Render\HeadlessCapture.cs(67,23): error CS1061: 'Image<Bgra32>' does not contain a definition for 'SaveAsPng' and no accessible extension method 'SaveAsPng' accepting a first argument of type 'Image<Bgra32>' could be found (are you missing a using directive or an assembly reference?) [C:\Users\caddy\Desktop\Projects\csharp-planetrender\csharp-planetary-port\PlanetaryTerrainRenderer.csproj]

Build FAILED.

C:\Users\caddy\Desktop\Projects\csharp-planetrender\csharp-planetary-port\Formats\TiffLoader.cs(10,23): warning CS8618: Non-nullable property 'Data' must contain a non-null value when exiting constructor. Consider adding the 'required' modifier or declaring the property as nullable. [C:\Users\caddy\Desktop\Projects\csharp-planetrender\csharp-planetary-port\PlanetaryTerrainRenderer.csproj]
C:\Users\caddy\Desktop\Projects\csharp-planetrender\csharp-planetary-port\Render\Render.cs(34,33): warning CS8618: Non-nullable field 'TerrainConfigBuffer' must contain a non-null value when exiting constructor. Consider adding the 'required' modifier or declaring the field as nullable. [C:\Users\caddy\Desktop\Projects\csharp-planetrender\csharp-planetary-port\PlanetaryTerrainRenderer.csproj]
C:\Users\caddy\Desktop\Projects\csharp-planetrender\csharp-planetary-port\Render\Render.cs(41,32): warning CS8618: Non-nullable field 'PrepassViewBuffer' must contain a non-null value when exiting constructor. Consider adding the 'required' modifier or declaring the field as nullable. [C:\Users\caddy\Desktop\Projects\csharp-planetrender\csharp-planetary-port\PlanetaryTerrainRenderer.csproj]
C:\Users\caddy\Desktop\Projects\csharp-planetrender\csharp-planetary-port\TerrainManager.cs(106,16): warning CS8618: Non-nullable property 'GpuTileAtlas' must contain a non-null value when exiting constructor. Consider adding the 'required' modifier or declaring the property as nullable. [C:\Users\caddy\Desktop\Projects\csharp-planetrender\csharp-planetary-port\PlanetaryTerrainRenderer.csproj]
C:\Users\caddy\Desktop\Projects\csharp-planetrender\csharp-planetary-port\TerrainManager.cs(106,16): warning CS8618: Non-nullable property 'GpuView' must contain a non-null value when exiting constructor. Consider adding the 'required' modifier or declaring the property as nullable. [C:\Users\caddy\Desktop\Projects\csharp-planetrender\csharp-planetary-port\PlanetaryTerrainRenderer.csproj]
C:\Users\caddy\Desktop\Projects\csharp-planetrender\csharp-planetary-port\TerrainManager.cs(106,16): warning CS8618: Non-nullable property 'Material' must contain a non-null value when exiting constructor. Consider adding the 'required' modifier or declaring the property as nullable. [C:\Users\caddy\Desktop\Projects\csharp-planetrender\csharp-planetary-port\PlanetaryTerrainRenderer.csproj]
C:\Users\caddy\Desktop\Projects\csharp-planetrender\csharp-planetary-port\TerrainManager.cs(18,16): warning CS8618: Non-nullable field 'DebugVertexBuffer' must contain a non-null value when exiting constructor. Consider adding the 'required' modifier or declaring the field as nullable. [C:\Users\caddy\Desktop\Projects\csharp-planetrender\csharp-planetary-port\PlanetaryTerrainRenderer.csproj]
C:\Users\caddy\Desktop\Projects\csharp-planetrender\csharp-planetary-port\TerrainData\TileLoader.cs(11,32): warning CS8618: Non-nullable field 'Label' must contain a non-null value when exiting constructor. Consider adding the 'required' modifier or declaring the field as nullable. [C:\Users\caddy\Desktop\Projects\csharp-planetrender\csharp-planetary-port\PlanetaryTerrainRenderer.csproj]
C:\Users\caddy\Desktop\Projects\csharp-planetrender\csharp-planetary-port\TerrainData\TileAtlas.cs(18,32): warning CS8618: Non-nullable field 'Label' must contain a non-null value when exiting constructor. Consider adding the 'required' modifier or declaring the field as nullable. [C:\Users\caddy\Desktop\Projects\csharp-planetrender\csharp-planetary-port\PlanetaryTerrainRenderer.csproj]
C:\Users\caddy\Desktop\Projects\csharp-planetrender\csharp-planetary-port\TerrainData\TileAtlas.cs(19,31): warning CS8618: Non-nullable field 'Data' must contain a non-null value when exiting constructor. Consider adding the 'required' modifier or declaring the field as nullable. [C:\Users\caddy\Desktop\Projects\csharp-planetrender\csharp-planetary-port\PlanetaryTerrainRenderer.csproj]
C:\Users\caddy\Desktop\Projects\csharp-planetrender\csharp-planetary-port\TerrainData\TileLoader.cs(16,23): warning CS8618: Non-nullable field 'Bytes' must contain a non-null value when exiting constructor. Consider adding the 'required' modifier or declaring the field as nullable. [C:\Users\caddy\Desktop\Projects\csharp-planetrender\csharp-planetary-port\PlanetaryTerrainRenderer.csproj]
C:\Users\caddy\Desktop\Projects\csharp-planetrender\csharp-planetary-port\Render\HeadlessCapture.cs(63,114): error CS0034: Operator '*' is ambiguous on operands of type 'int' and 'ulong' [C:\Users\caddy\Desktop\Projects\csharp-planetrender\csharp-planetary-port\PlanetaryTerrainRenderer.csproj]
C:\Users\caddy\Desktop\Projects\csharp-planetrender\csharp-planetary-port\Render\HeadlessCapture.cs(67,23): error CS1061: 'Image<Bgra32>' does not contain a definition for 'SaveAsPng' and no accessible extension method 'SaveAsPng' accepting a first argument of type 'Image<Bgra32>' could be found (are you missing a using directive or an assembly reference?) [C:\Users\caddy\Desktop\Projects\csharp-planetrender\csharp-planetary-port\PlanetaryTerrainRenderer.csproj]
    11 Warning(s)
    2 Error(s)

Time Elapsed 00:00:00.89
