  Determining projects to restore...
  All projects are up-to-date for restore.
C:\Users\caddy\Desktop\Projects\csharp-planetrender\csharp-planetary-port\Formats\TiffLoader.cs(10,23): warning CS8618: Non-nullable property 'Data' must contain a non-null value when exiting constructor. Consider adding the 'required' modifier or declaring the property as nullable. [C:\Users\caddy\Desktop\Projects\csharp-planetrender\csharp-planetary-port\PlanetaryTerrainRenderer.csproj]
C:\Users\caddy\Desktop\Projects\csharp-planetrender\csharp-planetary-port\TerrainManager.cs(19,16): warning CS8618: Non-nullable field 'DebugVertexBuffer' must contain a non-null value when exiting constructor. Consider adding the 'required' modifier or declaring the field as nullable. [C:\Users\caddy\Desktop\Projects\csharp-planetrender\csharp-planetary-port\PlanetaryTerrainRenderer.csproj]
C:\Users\caddy\Desktop\Projects\csharp-planetrender\csharp-planetary-port\TerrainManager.cs(19,16): warning CS8618: Non-nullable field 'DebugIndexBuffer' must contain a non-null value when exiting constructor. Consider adding the 'required' modifier or declaring the field as nullable. [C:\Users\caddy\Desktop\Projects\csharp-planetrender\csharp-planetary-port\PlanetaryTerrainRenderer.csproj]
C:\Users\caddy\Desktop\Projects\csharp-planetrender\csharp-planetary-port\Render\Render.cs(34,33): warning CS8618: Non-nullable field 'TerrainConfigBuffer' must contain a non-null value when exiting constructor. Consider adding the 'required' modifier or declaring the field as nullable. [C:\Users\caddy\Desktop\Projects\csharp-planetrender\csharp-planetary-port\PlanetaryTerrainRenderer.csproj]
C:\Users\caddy\Desktop\Projects\csharp-planetrender\csharp-planetary-port\TerrainManager.cs(148,16): warning CS8618: Non-nullable property 'GpuTileAtlas' must contain a non-null value when exiting constructor. Consider adding the 'required' modifier or declaring the property as nullable. [C:\Users\caddy\Desktop\Projects\csharp-planetrender\csharp-planetary-port\PlanetaryTerrainRenderer.csproj]
C:\Users\caddy\Desktop\Projects\csharp-planetrender\csharp-planetary-port\TerrainManager.cs(148,16): warning CS8618: Non-nullable property 'GpuView' must contain a non-null value when exiting constructor. Consider adding the 'required' modifier or declaring the property as nullable. [C:\Users\caddy\Desktop\Projects\csharp-planetrender\csharp-planetary-port\PlanetaryTerrainRenderer.csproj]
C:\Users\caddy\Desktop\Projects\csharp-planetrender\csharp-planetary-port\TerrainManager.cs(148,16): warning CS8618: Non-nullable property 'Material' must contain a non-null value when exiting constructor. Consider adding the 'required' modifier or declaring the property as nullable. [C:\Users\caddy\Desktop\Projects\csharp-planetrender\csharp-planetary-port\PlanetaryTerrainRenderer.csproj]
C:\Users\caddy\Desktop\Projects\csharp-planetrender\csharp-planetary-port\Program.cs(76,17): error CS0103: The name 'terrainManager' does not exist in the current context [C:\Users\caddy\Desktop\Projects\csharp-planetrender\csharp-planetary-port\PlanetaryTerrainRenderer.csproj]
C:\Users\caddy\Desktop\Projects\csharp-planetrender\csharp-planetary-port\Program.cs(77,17): error CS0103: The name 'terrainManager' does not exist in the current context [C:\Users\caddy\Desktop\Projects\csharp-planetrender\csharp-planetary-port\PlanetaryTerrainRenderer.csproj]
C:\Users\caddy\Desktop\Projects\csharp-planetrender\csharp-planetary-port\Render\Render.cs(41,32): warning CS8618: Non-nullable field 'PrepassViewBuffer' must contain a non-null value when exiting constructor. Consider adding the 'required' modifier or declaring the field as nullable. [C:\Users\caddy\Desktop\Projects\csharp-planetrender\csharp-planetary-port\PlanetaryTerrainRenderer.csproj]
C:\Users\caddy\Desktop\Projects\csharp-planetrender\csharp-planetary-port\TerrainData\TileAtlas.cs(18,32): warning CS8618: Non-nullable field 'Label' must contain a non-null value when exiting constructor. Consider adding the 'required' modifier or declaring the field as nullable. [C:\Users\caddy\Desktop\Projects\csharp-planetrender\csharp-planetary-port\PlanetaryTerrainRenderer.csproj]
C:\Users\caddy\Desktop\Projects\csharp-planetrender\csharp-planetary-port\TerrainData\TileAtlas.cs(19,31): warning CS8618: Non-nullable field 'Data' must contain a non-null value when exiting constructor. Consider adding the 'required' modifier or declaring the field as nullable. [C:\Users\caddy\Desktop\Projects\csharp-planetrender\csharp-planetary-port\PlanetaryTerrainRenderer.csproj]
C:\Users\caddy\Desktop\Projects\csharp-planetrender\csharp-planetary-port\TerrainData\TileLoader.cs(11,32): warning CS8618: Non-nullable field 'Label' must contain a non-null value when exiting constructor. Consider adding the 'required' modifier or declaring the field as nullable. [C:\Users\caddy\Desktop\Projects\csharp-planetrender\csharp-planetary-port\PlanetaryTerrainRenderer.csproj]
C:\Users\caddy\Desktop\Projects\csharp-planetrender\csharp-planetary-port\TerrainData\TileLoader.cs(16,23): warning CS8618: Non-nullable field 'Bytes' must contain a non-null value when exiting constructor. Consider adding the 'required' modifier or declaring the field as nullable. [C:\Users\caddy\Desktop\Projects\csharp-planetrender\csharp-planetary-port\PlanetaryTerrainRenderer.csproj]
C:\Users\caddy\Desktop\Projects\csharp-planetrender\csharp-planetary-port\Render\VulkanSwapchain.cs(30,13): error CS0103: The name '_surface' does not exist in the current context [C:\Users\caddy\Desktop\Projects\csharp-planetrender\csharp-planetary-port\PlanetaryTerrainRenderer.csproj]
C:\Users\caddy\Desktop\Projects\csharp-planetrender\csharp-planetary-port\Render\VulkanSwapchain.cs(43,27): error CS0103: The name '_surface' does not exist in the current context [C:\Users\caddy\Desktop\Projects\csharp-planetrender\csharp-planetary-port\PlanetaryTerrainRenderer.csproj]
C:\Users\caddy\Desktop\Projects\csharp-planetrender\csharp-planetary-port\TerrainManager.cs(127,37): warning CS8625: Cannot convert null literal to non-nullable reference type. [C:\Users\caddy\Desktop\Projects\csharp-planetrender\csharp-planetary-port\PlanetaryTerrainRenderer.csproj]
C:\Users\caddy\Desktop\Projects\csharp-planetrender\csharp-planetary-port\TerrainManager.cs(133,36): warning CS8625: Cannot convert null literal to non-nullable reference type. [C:\Users\caddy\Desktop\Projects\csharp-planetrender\csharp-planetary-port\PlanetaryTerrainRenderer.csproj]
C:\Users\caddy\Desktop\Projects\csharp-planetrender\csharp-planetary-port\Program.cs(164,58): error CS0103: The name 'debugUtils' does not exist in the current context [C:\Users\caddy\Desktop\Projects\csharp-planetrender\csharp-planetary-port\PlanetaryTerrainRenderer.csproj]
C:\Users\caddy\Desktop\Projects\csharp-planetrender\csharp-planetary-port\Program.cs(174,17): error CS0103: The name 'debugUtils' does not exist in the current context [C:\Users\caddy\Desktop\Projects\csharp-planetrender\csharp-planetary-port\PlanetaryTerrainRenderer.csproj]
C:\Users\caddy\Desktop\Projects\csharp-planetrender\csharp-planetary-port\Program.cs(174,92): error CS0103: The name 'debugMessenger' does not exist in the current context [C:\Users\caddy\Desktop\Projects\csharp-planetrender\csharp-planetary-port\PlanetaryTerrainRenderer.csproj]
C:\Users\caddy\Desktop\Projects\csharp-planetrender\csharp-planetary-port\Program.cs(180,13): error CS0103: The name 'camera' does not exist in the current context [C:\Users\caddy\Desktop\Projects\csharp-planetrender\csharp-planetary-port\PlanetaryTerrainRenderer.csproj]
C:\Users\caddy\Desktop\Projects\csharp-planetrender\csharp-planetary-port\Program.cs(184,17): error CS0103: The name 'input' does not exist in the current context [C:\Users\caddy\Desktop\Projects\csharp-planetrender\csharp-planetary-port\PlanetaryTerrainRenderer.csproj]
C:\Users\caddy\Desktop\Projects\csharp-planetrender\csharp-planetary-port\Program.cs(185,37): error CS0103: The name 'input' does not exist in the current context [C:\Users\caddy\Desktop\Projects\csharp-planetrender\csharp-planetary-port\PlanetaryTerrainRenderer.csproj]
C:\Users\caddy\Desktop\Projects\csharp-planetrender\csharp-planetary-port\Program.cs(186,21): error CS0103: The name 'input' does not exist in the current context [C:\Users\caddy\Desktop\Projects\csharp-planetrender\csharp-planetary-port\PlanetaryTerrainRenderer.csproj]
C:\Users\caddy\Desktop\Projects\csharp-planetrender\csharp-planetary-port\Program.cs(188,37): error CS0103: The name 'input' does not exist in the current context [C:\Users\caddy\Desktop\Projects\csharp-planetrender\csharp-planetary-port\PlanetaryTerrainRenderer.csproj]
C:\Users\caddy\Desktop\Projects\csharp-planetrender\csharp-planetary-port\Program.cs(189,21): error CS0103: The name 'input' does not exist in the current context [C:\Users\caddy\Desktop\Projects\csharp-planetrender\csharp-planetary-port\PlanetaryTerrainRenderer.csproj]
C:\Users\caddy\Desktop\Projects\csharp-planetrender\csharp-planetary-port\Program.cs(238,13): error CS0103: The name 'terrainManager' does not exist in the current context [C:\Users\caddy\Desktop\Projects\csharp-planetrender\csharp-planetary-port\PlanetaryTerrainRenderer.csproj]
C:\Users\caddy\Desktop\Projects\csharp-planetrender\csharp-planetary-port\Program.cs(242,17): error CS0103: The name 'headlessRenderer' does not exist in the current context [C:\Users\caddy\Desktop\Projects\csharp-planetrender\csharp-planetary-port\PlanetaryTerrainRenderer.csproj]
C:\Users\caddy\Desktop\Projects\csharp-planetrender\csharp-planetary-port\Program.cs(256,13): error CS0103: The name 'terrainManager' does not exist in the current context [C:\Users\caddy\Desktop\Projects\csharp-planetrender\csharp-planetary-port\PlanetaryTerrainRenderer.csproj]
C:\Users\caddy\Desktop\Projects\csharp-planetrender\csharp-planetary-port\Program.cs(424,13): error CS0103: The name 'camera' does not exist in the current context [C:\Users\caddy\Desktop\Projects\csharp-planetrender\csharp-planetary-port\PlanetaryTerrainRenderer.csproj]
C:\Users\caddy\Desktop\Projects\csharp-planetrender\csharp-planetary-port\Program.cs(433,17): error CS0103: The name 'headlessRenderer' does not exist in the current context [C:\Users\caddy\Desktop\Projects\csharp-planetrender\csharp-planetary-port\PlanetaryTerrainRenderer.csproj]
C:\Users\caddy\Desktop\Projects\csharp-planetrender\csharp-planetary-port\Program.cs(433,46): error CS0103: The name 'terrainManager' does not exist in the current context [C:\Users\caddy\Desktop\Projects\csharp-planetrender\csharp-planetary-port\PlanetaryTerrainRenderer.csproj]
C:\Users\caddy\Desktop\Projects\csharp-planetrender\csharp-planetary-port\Program.cs(475,67): error CS0103: The name 'camera' does not exist in the current context [C:\Users\caddy\Desktop\Projects\csharp-planetrender\csharp-planetary-port\PlanetaryTerrainRenderer.csproj]
C:\Users\caddy\Desktop\Projects\csharp-planetrender\csharp-planetary-port\Program.cs(475,86): error CS0103: The name 'camera' does not exist in the current context [C:\Users\caddy\Desktop\Projects\csharp-planetrender\csharp-planetary-port\PlanetaryTerrainRenderer.csproj]
C:\Users\caddy\Desktop\Projects\csharp-planetrender\csharp-planetary-port\Program.cs(475,105): error CS0103: The name 'camera' does not exist in the current context [C:\Users\caddy\Desktop\Projects\csharp-planetrender\csharp-planetary-port\PlanetaryTerrainRenderer.csproj]
C:\Users\caddy\Desktop\Projects\csharp-planetrender\csharp-planetary-port\Program.cs(476,67): error CS0103: The name 'camera' does not exist in the current context [C:\Users\caddy\Desktop\Projects\csharp-planetrender\csharp-planetary-port\PlanetaryTerrainRenderer.csproj]
C:\Users\caddy\Desktop\Projects\csharp-planetrender\csharp-planetary-port\Program.cs(476,87): error CS0103: The name 'camera' does not exist in the current context [C:\Users\caddy\Desktop\Projects\csharp-planetrender\csharp-planetary-port\PlanetaryTerrainRenderer.csproj]
C:\Users\caddy\Desktop\Projects\csharp-planetrender\csharp-planetary-port\Program.cs(476,103): error CS0103: The name 'camera' does not exist in the current context [C:\Users\caddy\Desktop\Projects\csharp-planetrender\csharp-planetary-port\PlanetaryTerrainRenderer.csproj]
C:\Users\caddy\Desktop\Projects\csharp-planetrender\csharp-planetary-port\Program.cs(476,123): error CS0103: The name 'camera' does not exist in the current context [C:\Users\caddy\Desktop\Projects\csharp-planetrender\csharp-planetary-port\PlanetaryTerrainRenderer.csproj]
C:\Users\caddy\Desktop\Projects\csharp-planetrender\csharp-planetary-port\Program.cs(476,139): error CS0103: The name 'camera' does not exist in the current context [C:\Users\caddy\Desktop\Projects\csharp-planetrender\csharp-planetary-port\PlanetaryTerrainRenderer.csproj]
C:\Users\caddy\Desktop\Projects\csharp-planetrender\csharp-planetary-port\Program.cs(476,159): error CS0103: The name 'camera' does not exist in the current context [C:\Users\caddy\Desktop\Projects\csharp-planetrender\csharp-planetary-port\PlanetaryTerrainRenderer.csproj]
C:\Users\caddy\Desktop\Projects\csharp-planetrender\csharp-planetary-port\Program.cs(484,17): error CS0103: The name 'terrainManager' does not exist in the current context [C:\Users\caddy\Desktop\Projects\csharp-planetrender\csharp-planetary-port\PlanetaryTerrainRenderer.csproj]
C:\Users\caddy\Desktop\Projects\csharp-planetrender\csharp-planetary-port\Program.cs(486,36): error CS0103: The name 'terrainManager' does not exist in the current context [C:\Users\caddy\Desktop\Projects\csharp-planetrender\csharp-planetary-port\PlanetaryTerrainRenderer.csproj]
C:\Users\caddy\Desktop\Projects\csharp-planetrender\csharp-planetary-port\Program.cs(489,44): error CS0103: The name 'terrainManager' does not exist in the current context [C:\Users\caddy\Desktop\Projects\csharp-planetrender\csharp-planetary-port\PlanetaryTerrainRenderer.csproj]
C:\Users\caddy\Desktop\Projects\csharp-planetrender\csharp-planetary-port\Program.cs(490,40): error CS0103: The name 'terrainManager' does not exist in the current context [C:\Users\caddy\Desktop\Projects\csharp-planetrender\csharp-planetary-port\PlanetaryTerrainRenderer.csproj]
C:\Users\caddy\Desktop\Projects\csharp-planetrender\csharp-planetary-port\Program.cs(533,17): error CS0103: The name 'input' does not exist in the current context [C:\Users\caddy\Desktop\Projects\csharp-planetrender\csharp-planetary-port\PlanetaryTerrainRenderer.csproj]
C:\Users\caddy\Desktop\Projects\csharp-planetrender\csharp-planetary-port\Program.cs(535,37): error CS0103: The name 'input' does not exist in the current context [C:\Users\caddy\Desktop\Projects\csharp-planetrender\csharp-planetary-port\PlanetaryTerrainRenderer.csproj]
C:\Users\caddy\Desktop\Projects\csharp-planetrender\csharp-planetary-port\Program.cs(537,21): error CS0103: The name 'camera' does not exist in the current context [C:\Users\caddy\Desktop\Projects\csharp-planetrender\csharp-planetary-port\PlanetaryTerrainRenderer.csproj]
C:\Users\caddy\Desktop\Projects\csharp-planetrender\csharp-planetary-port\Program.cs(537,44): error CS0103: The name 'input' does not exist in the current context [C:\Users\caddy\Desktop\Projects\csharp-planetrender\csharp-planetary-port\PlanetaryTerrainRenderer.csproj]
C:\Users\caddy\Desktop\Projects\csharp-planetrender\csharp-planetary-port\Program.cs(541,13): error CS0103: The name 'terrainManager' does not exist in the current context [C:\Users\caddy\Desktop\Projects\csharp-planetrender\csharp-planetary-port\PlanetaryTerrainRenderer.csproj]
C:\Users\caddy\Desktop\Projects\csharp-planetrender\csharp-planetary-port\Program.cs(542,13): error CS0103: The name 'terrainManager' does not exist in the current context [C:\Users\caddy\Desktop\Projects\csharp-planetrender\csharp-planetary-port\PlanetaryTerrainRenderer.csproj]
C:\Users\caddy\Desktop\Projects\csharp-planetrender\csharp-planetary-port\Program.cs(545,13): error CS0103: The name 'terrainManager' does not exist in the current context [C:\Users\caddy\Desktop\Projects\csharp-planetrender\csharp-planetary-port\PlanetaryTerrainRenderer.csproj]
C:\Users\caddy\Desktop\Projects\csharp-planetrender\csharp-planetary-port\Program.cs(553,89): warning CS9192: Argument 4 should be passed with 'ref' or 'in' keyword [C:\Users\caddy\Desktop\Projects\csharp-planetrender\csharp-planetary-port\PlanetaryTerrainRenderer.csproj]
C:\Users\caddy\Desktop\Projects\csharp-planetrender\csharp-planetary-port\Program.cs(581,13): error CS0103: The name 'headlessRenderer' does not exist in the current context [C:\Users\caddy\Desktop\Projects\csharp-planetrender\csharp-planetary-port\PlanetaryTerrainRenderer.csproj]
C:\Users\caddy\Desktop\Projects\csharp-planetrender\csharp-planetary-port\Program.cs(582,13): error CS0103: The name 'terrainManager' does not exist in the current context [C:\Users\caddy\Desktop\Projects\csharp-planetrender\csharp-planetary-port\PlanetaryTerrainRenderer.csproj]
C:\Users\caddy\Desktop\Projects\csharp-planetrender\csharp-planetary-port\Program.cs(586,17): error CS0103: The name 'debugUtils' does not exist in the current context [C:\Users\caddy\Desktop\Projects\csharp-planetrender\csharp-planetary-port\PlanetaryTerrainRenderer.csproj]
C:\Users\caddy\Desktop\Projects\csharp-planetrender\csharp-planetary-port\Program.cs(587,17): error CS0103: The name 'debugUtils' does not exist in the current context [C:\Users\caddy\Desktop\Projects\csharp-planetrender\csharp-planetary-port\PlanetaryTerrainRenderer.csproj]
C:\Users\caddy\Desktop\Projects\csharp-planetrender\csharp-planetary-port\Program.cs(587,65): error CS0103: The name 'debugMessenger' does not exist in the current context [C:\Users\caddy\Desktop\Projects\csharp-planetrender\csharp-planetary-port\PlanetaryTerrainRenderer.csproj]
C:\Users\caddy\Desktop\Projects\csharp-planetrender\csharp-planetary-port\Program.cs(588,17): error CS0103: The name 'debugUtils' does not exist in the current context [C:\Users\caddy\Desktop\Projects\csharp-planetrender\csharp-planetary-port\PlanetaryTerrainRenderer.csproj]
C:\Users\caddy\Desktop\Projects\csharp-planetrender\csharp-planetary-port\Render\VulkanSwapchain.cs(155,46): warning CA2014: Potential stack overflow. Move the stackalloc out of the loop. (https://learn.microsoft.com/dotnet/fundamentals/code-analysis/quality-rules/ca2014) [C:\Users\caddy\Desktop\Projects\csharp-planetrender\csharp-planetary-port\PlanetaryTerrainRenderer.csproj]

Build FAILED.

C:\Users\caddy\Desktop\Projects\csharp-planetrender\csharp-planetary-port\Formats\TiffLoader.cs(10,23): warning CS8618: Non-nullable property 'Data' must contain a non-null value when exiting constructor. Consider adding the 'required' modifier or declaring the property as nullable. [C:\Users\caddy\Desktop\Projects\csharp-planetrender\csharp-planetary-port\PlanetaryTerrainRenderer.csproj]
C:\Users\caddy\Desktop\Projects\csharp-planetrender\csharp-planetary-port\TerrainManager.cs(19,16): warning CS8618: Non-nullable field 'DebugVertexBuffer' must contain a non-null value when exiting constructor. Consider adding the 'required' modifier or declaring the field as nullable. [C:\Users\caddy\Desktop\Projects\csharp-planetrender\csharp-planetary-port\PlanetaryTerrainRenderer.csproj]
C:\Users\caddy\Desktop\Projects\csharp-planetrender\csharp-planetary-port\TerrainManager.cs(19,16): warning CS8618: Non-nullable field 'DebugIndexBuffer' must contain a non-null value when exiting constructor. Consider adding the 'required' modifier or declaring the field as nullable. [C:\Users\caddy\Desktop\Projects\csharp-planetrender\csharp-planetary-port\PlanetaryTerrainRenderer.csproj]
C:\Users\caddy\Desktop\Projects\csharp-planetrender\csharp-planetary-port\Render\Render.cs(34,33): warning CS8618: Non-nullable field 'TerrainConfigBuffer' must contain a non-null value when exiting constructor. Consider adding the 'required' modifier or declaring the field as nullable. [C:\Users\caddy\Desktop\Projects\csharp-planetrender\csharp-planetary-port\PlanetaryTerrainRenderer.csproj]
C:\Users\caddy\Desktop\Projects\csharp-planetrender\csharp-planetary-port\TerrainManager.cs(148,16): warning CS8618: Non-nullable property 'GpuTileAtlas' must contain a non-null value when exiting constructor. Consider adding the 'required' modifier or declaring the property as nullable. [C:\Users\caddy\Desktop\Projects\csharp-planetrender\csharp-planetary-port\PlanetaryTerrainRenderer.csproj]
C:\Users\caddy\Desktop\Projects\csharp-planetrender\csharp-planetary-port\TerrainManager.cs(148,16): warning CS8618: Non-nullable property 'GpuView' must contain a non-null value when exiting constructor. Consider adding the 'required' modifier or declaring the property as nullable. [C:\Users\caddy\Desktop\Projects\csharp-planetrender\csharp-planetary-port\PlanetaryTerrainRenderer.csproj]
C:\Users\caddy\Desktop\Projects\csharp-planetrender\csharp-planetary-port\TerrainManager.cs(148,16): warning CS8618: Non-nullable property 'Material' must contain a non-null value when exiting constructor. Consider adding the 'required' modifier or declaring the property as nullable. [C:\Users\caddy\Desktop\Projects\csharp-planetrender\csharp-planetary-port\PlanetaryTerrainRenderer.csproj]
C:\Users\caddy\Desktop\Projects\csharp-planetrender\csharp-planetary-port\Render\Render.cs(41,32): warning CS8618: Non-nullable field 'PrepassViewBuffer' must contain a non-null value when exiting constructor. Consider adding the 'required' modifier or declaring the field as nullable. [C:\Users\caddy\Desktop\Projects\csharp-planetrender\csharp-planetary-port\PlanetaryTerrainRenderer.csproj]
C:\Users\caddy\Desktop\Projects\csharp-planetrender\csharp-planetary-port\TerrainData\TileAtlas.cs(18,32): warning CS8618: Non-nullable field 'Label' must contain a non-null value when exiting constructor. Consider adding the 'required' modifier or declaring the field as nullable. [C:\Users\caddy\Desktop\Projects\csharp-planetrender\csharp-planetary-port\PlanetaryTerrainRenderer.csproj]
C:\Users\caddy\Desktop\Projects\csharp-planetrender\csharp-planetary-port\TerrainData\TileAtlas.cs(19,31): warning CS8618: Non-nullable field 'Data' must contain a non-null value when exiting constructor. Consider adding the 'required' modifier or declaring the field as nullable. [C:\Users\caddy\Desktop\Projects\csharp-planetrender\csharp-planetary-port\PlanetaryTerrainRenderer.csproj]
C:\Users\caddy\Desktop\Projects\csharp-planetrender\csharp-planetary-port\TerrainData\TileLoader.cs(11,32): warning CS8618: Non-nullable field 'Label' must contain a non-null value when exiting constructor. Consider adding the 'required' modifier or declaring the field as nullable. [C:\Users\caddy\Desktop\Projects\csharp-planetrender\csharp-planetary-port\PlanetaryTerrainRenderer.csproj]
C:\Users\caddy\Desktop\Projects\csharp-planetrender\csharp-planetary-port\TerrainData\TileLoader.cs(16,23): warning CS8618: Non-nullable field 'Bytes' must contain a non-null value when exiting constructor. Consider adding the 'required' modifier or declaring the field as nullable. [C:\Users\caddy\Desktop\Projects\csharp-planetrender\csharp-planetary-port\PlanetaryTerrainRenderer.csproj]
C:\Users\caddy\Desktop\Projects\csharp-planetrender\csharp-planetary-port\TerrainManager.cs(127,37): warning CS8625: Cannot convert null literal to non-nullable reference type. [C:\Users\caddy\Desktop\Projects\csharp-planetrender\csharp-planetary-port\PlanetaryTerrainRenderer.csproj]
C:\Users\caddy\Desktop\Projects\csharp-planetrender\csharp-planetary-port\TerrainManager.cs(133,36): warning CS8625: Cannot convert null literal to non-nullable reference type. [C:\Users\caddy\Desktop\Projects\csharp-planetrender\csharp-planetary-port\PlanetaryTerrainRenderer.csproj]
C:\Users\caddy\Desktop\Projects\csharp-planetrender\csharp-planetary-port\Program.cs(553,89): warning CS9192: Argument 4 should be passed with 'ref' or 'in' keyword [C:\Users\caddy\Desktop\Projects\csharp-planetrender\csharp-planetary-port\PlanetaryTerrainRenderer.csproj]
C:\Users\caddy\Desktop\Projects\csharp-planetrender\csharp-planetary-port\Render\VulkanSwapchain.cs(155,46): warning CA2014: Potential stack overflow. Move the stackalloc out of the loop. (https://learn.microsoft.com/dotnet/fundamentals/code-analysis/quality-rules/ca2014) [C:\Users\caddy\Desktop\Projects\csharp-planetrender\csharp-planetary-port\PlanetaryTerrainRenderer.csproj]
C:\Users\caddy\Desktop\Projects\csharp-planetrender\csharp-planetary-port\Program.cs(76,17): error CS0103: The name 'terrainManager' does not exist in the current context [C:\Users\caddy\Desktop\Projects\csharp-planetrender\csharp-planetary-port\PlanetaryTerrainRenderer.csproj]
C:\Users\caddy\Desktop\Projects\csharp-planetrender\csharp-planetary-port\Program.cs(77,17): error CS0103: The name 'terrainManager' does not exist in the current context [C:\Users\caddy\Desktop\Projects\csharp-planetrender\csharp-planetary-port\PlanetaryTerrainRenderer.csproj]
C:\Users\caddy\Desktop\Projects\csharp-planetrender\csharp-planetary-port\Render\VulkanSwapchain.cs(30,13): error CS0103: The name '_surface' does not exist in the current context [C:\Users\caddy\Desktop\Projects\csharp-planetrender\csharp-planetary-port\PlanetaryTerrainRenderer.csproj]
C:\Users\caddy\Desktop\Projects\csharp-planetrender\csharp-planetary-port\Render\VulkanSwapchain.cs(43,27): error CS0103: The name '_surface' does not exist in the current context [C:\Users\caddy\Desktop\Projects\csharp-planetrender\csharp-planetary-port\PlanetaryTerrainRenderer.csproj]
C:\Users\caddy\Desktop\Projects\csharp-planetrender\csharp-planetary-port\Program.cs(164,58): error CS0103: The name 'debugUtils' does not exist in the current context [C:\Users\caddy\Desktop\Projects\csharp-planetrender\csharp-planetary-port\PlanetaryTerrainRenderer.csproj]
C:\Users\caddy\Desktop\Projects\csharp-planetrender\csharp-planetary-port\Program.cs(174,17): error CS0103: The name 'debugUtils' does not exist in the current context [C:\Users\caddy\Desktop\Projects\csharp-planetrender\csharp-planetary-port\PlanetaryTerrainRenderer.csproj]
C:\Users\caddy\Desktop\Projects\csharp-planetrender\csharp-planetary-port\Program.cs(174,92): error CS0103: The name 'debugMessenger' does not exist in the current context [C:\Users\caddy\Desktop\Projects\csharp-planetrender\csharp-planetary-port\PlanetaryTerrainRenderer.csproj]
C:\Users\caddy\Desktop\Projects\csharp-planetrender\csharp-planetary-port\Program.cs(180,13): error CS0103: The name 'camera' does not exist in the current context [C:\Users\caddy\Desktop\Projects\csharp-planetrender\csharp-planetary-port\PlanetaryTerrainRenderer.csproj]
C:\Users\caddy\Desktop\Projects\csharp-planetrender\csharp-planetary-port\Program.cs(184,17): error CS0103: The name 'input' does not exist in the current context [C:\Users\caddy\Desktop\Projects\csharp-planetrender\csharp-planetary-port\PlanetaryTerrainRenderer.csproj]
C:\Users\caddy\Desktop\Projects\csharp-planetrender\csharp-planetary-port\Program.cs(185,37): error CS0103: The name 'input' does not exist in the current context [C:\Users\caddy\Desktop\Projects\csharp-planetrender\csharp-planetary-port\PlanetaryTerrainRenderer.csproj]
C:\Users\caddy\Desktop\Projects\csharp-planetrender\csharp-planetary-port\Program.cs(186,21): error CS0103: The name 'input' does not exist in the current context [C:\Users\caddy\Desktop\Projects\csharp-planetrender\csharp-planetary-port\PlanetaryTerrainRenderer.csproj]
C:\Users\caddy\Desktop\Projects\csharp-planetrender\csharp-planetary-port\Program.cs(188,37): error CS0103: The name 'input' does not exist in the current context [C:\Users\caddy\Desktop\Projects\csharp-planetrender\csharp-planetary-port\PlanetaryTerrainRenderer.csproj]
C:\Users\caddy\Desktop\Projects\csharp-planetrender\csharp-planetary-port\Program.cs(189,21): error CS0103: The name 'input' does not exist in the current context [C:\Users\caddy\Desktop\Projects\csharp-planetrender\csharp-planetary-port\PlanetaryTerrainRenderer.csproj]
C:\Users\caddy\Desktop\Projects\csharp-planetrender\csharp-planetary-port\Program.cs(238,13): error CS0103: The name 'terrainManager' does not exist in the current context [C:\Users\caddy\Desktop\Projects\csharp-planetrender\csharp-planetary-port\PlanetaryTerrainRenderer.csproj]
C:\Users\caddy\Desktop\Projects\csharp-planetrender\csharp-planetary-port\Program.cs(242,17): error CS0103: The name 'headlessRenderer' does not exist in the current context [C:\Users\caddy\Desktop\Projects\csharp-planetrender\csharp-planetary-port\PlanetaryTerrainRenderer.csproj]
C:\Users\caddy\Desktop\Projects\csharp-planetrender\csharp-planetary-port\Program.cs(256,13): error CS0103: The name 'terrainManager' does not exist in the current context [C:\Users\caddy\Desktop\Projects\csharp-planetrender\csharp-planetary-port\PlanetaryTerrainRenderer.csproj]
C:\Users\caddy\Desktop\Projects\csharp-planetrender\csharp-planetary-port\Program.cs(424,13): error CS0103: The name 'camera' does not exist in the current context [C:\Users\caddy\Desktop\Projects\csharp-planetrender\csharp-planetary-port\PlanetaryTerrainRenderer.csproj]
C:\Users\caddy\Desktop\Projects\csharp-planetrender\csharp-planetary-port\Program.cs(433,17): error CS0103: The name 'headlessRenderer' does not exist in the current context [C:\Users\caddy\Desktop\Projects\csharp-planetrender\csharp-planetary-port\PlanetaryTerrainRenderer.csproj]
C:\Users\caddy\Desktop\Projects\csharp-planetrender\csharp-planetary-port\Program.cs(433,46): error CS0103: The name 'terrainManager' does not exist in the current context [C:\Users\caddy\Desktop\Projects\csharp-planetrender\csharp-planetary-port\PlanetaryTerrainRenderer.csproj]
C:\Users\caddy\Desktop\Projects\csharp-planetrender\csharp-planetary-port\Program.cs(475,67): error CS0103: The name 'camera' does not exist in the current context [C:\Users\caddy\Desktop\Projects\csharp-planetrender\csharp-planetary-port\PlanetaryTerrainRenderer.csproj]
C:\Users\caddy\Desktop\Projects\csharp-planetrender\csharp-planetary-port\Program.cs(475,86): error CS0103: The name 'camera' does not exist in the current context [C:\Users\caddy\Desktop\Projects\csharp-planetrender\csharp-planetary-port\PlanetaryTerrainRenderer.csproj]
C:\Users\caddy\Desktop\Projects\csharp-planetrender\csharp-planetary-port\Program.cs(475,105): error CS0103: The name 'camera' does not exist in the current context [C:\Users\caddy\Desktop\Projects\csharp-planetrender\csharp-planetary-port\PlanetaryTerrainRenderer.csproj]
C:\Users\caddy\Desktop\Projects\csharp-planetrender\csharp-planetary-port\Program.cs(476,67): error CS0103: The name 'camera' does not exist in the current context [C:\Users\caddy\Desktop\Projects\csharp-planetrender\csharp-planetary-port\PlanetaryTerrainRenderer.csproj]
C:\Users\caddy\Desktop\Projects\csharp-planetrender\csharp-planetary-port\Program.cs(476,87): error CS0103: The name 'camera' does not exist in the current context [C:\Users\caddy\Desktop\Projects\csharp-planetrender\csharp-planetary-port\PlanetaryTerrainRenderer.csproj]
C:\Users\caddy\Desktop\Projects\csharp-planetrender\csharp-planetary-port\Program.cs(476,103): error CS0103: The name 'camera' does not exist in the current context [C:\Users\caddy\Desktop\Projects\csharp-planetrender\csharp-planetary-port\PlanetaryTerrainRenderer.csproj]
C:\Users\caddy\Desktop\Projects\csharp-planetrender\csharp-planetary-port\Program.cs(476,123): error CS0103: The name 'camera' does not exist in the current context [C:\Users\caddy\Desktop\Projects\csharp-planetrender\csharp-planetary-port\PlanetaryTerrainRenderer.csproj]
C:\Users\caddy\Desktop\Projects\csharp-planetrender\csharp-planetary-port\Program.cs(476,139): error CS0103: The name 'camera' does not exist in the current context [C:\Users\caddy\Desktop\Projects\csharp-planetrender\csharp-planetary-port\PlanetaryTerrainRenderer.csproj]
C:\Users\caddy\Desktop\Projects\csharp-planetrender\csharp-planetary-port\Program.cs(476,159): error CS0103: The name 'camera' does not exist in the current context [C:\Users\caddy\Desktop\Projects\csharp-planetrender\csharp-planetary-port\PlanetaryTerrainRenderer.csproj]
C:\Users\caddy\Desktop\Projects\csharp-planetrender\csharp-planetary-port\Program.cs(484,17): error CS0103: The name 'terrainManager' does not exist in the current context [C:\Users\caddy\Desktop\Projects\csharp-planetrender\csharp-planetary-port\PlanetaryTerrainRenderer.csproj]
C:\Users\caddy\Desktop\Projects\csharp-planetrender\csharp-planetary-port\Program.cs(486,36): error CS0103: The name 'terrainManager' does not exist in the current context [C:\Users\caddy\Desktop\Projects\csharp-planetrender\csharp-planetary-port\PlanetaryTerrainRenderer.csproj]
C:\Users\caddy\Desktop\Projects\csharp-planetrender\csharp-planetary-port\Program.cs(489,44): error CS0103: The name 'terrainManager' does not exist in the current context [C:\Users\caddy\Desktop\Projects\csharp-planetrender\csharp-planetary-port\PlanetaryTerrainRenderer.csproj]
C:\Users\caddy\Desktop\Projects\csharp-planetrender\csharp-planetary-port\Program.cs(490,40): error CS0103: The name 'terrainManager' does not exist in the current context [C:\Users\caddy\Desktop\Projects\csharp-planetrender\csharp-planetary-port\PlanetaryTerrainRenderer.csproj]
C:\Users\caddy\Desktop\Projects\csharp-planetrender\csharp-planetary-port\Program.cs(533,17): error CS0103: The name 'input' does not exist in the current context [C:\Users\caddy\Desktop\Projects\csharp-planetrender\csharp-planetary-port\PlanetaryTerrainRenderer.csproj]
C:\Users\caddy\Desktop\Projects\csharp-planetrender\csharp-planetary-port\Program.cs(535,37): error CS0103: The name 'input' does not exist in the current context [C:\Users\caddy\Desktop\Projects\csharp-planetrender\csharp-planetary-port\PlanetaryTerrainRenderer.csproj]
C:\Users\caddy\Desktop\Projects\csharp-planetrender\csharp-planetary-port\Program.cs(537,21): error CS0103: The name 'camera' does not exist in the current context [C:\Users\caddy\Desktop\Projects\csharp-planetrender\csharp-planetary-port\PlanetaryTerrainRenderer.csproj]
C:\Users\caddy\Desktop\Projects\csharp-planetrender\csharp-planetary-port\Program.cs(537,44): error CS0103: The name 'input' does not exist in the current context [C:\Users\caddy\Desktop\Projects\csharp-planetrender\csharp-planetary-port\PlanetaryTerrainRenderer.csproj]
C:\Users\caddy\Desktop\Projects\csharp-planetrender\csharp-planetary-port\Program.cs(541,13): error CS0103: The name 'terrainManager' does not exist in the current context [C:\Users\caddy\Desktop\Projects\csharp-planetrender\csharp-planetary-port\PlanetaryTerrainRenderer.csproj]
C:\Users\caddy\Desktop\Projects\csharp-planetrender\csharp-planetary-port\Program.cs(542,13): error CS0103: The name 'terrainManager' does not exist in the current context [C:\Users\caddy\Desktop\Projects\csharp-planetrender\csharp-planetary-port\PlanetaryTerrainRenderer.csproj]
C:\Users\caddy\Desktop\Projects\csharp-planetrender\csharp-planetary-port\Program.cs(545,13): error CS0103: The name 'terrainManager' does not exist in the current context [C:\Users\caddy\Desktop\Projects\csharp-planetrender\csharp-planetary-port\PlanetaryTerrainRenderer.csproj]
C:\Users\caddy\Desktop\Projects\csharp-planetrender\csharp-planetary-port\Program.cs(581,13): error CS0103: The name 'headlessRenderer' does not exist in the current context [C:\Users\caddy\Desktop\Projects\csharp-planetrender\csharp-planetary-port\PlanetaryTerrainRenderer.csproj]
C:\Users\caddy\Desktop\Projects\csharp-planetrender\csharp-planetary-port\Program.cs(582,13): error CS0103: The name 'terrainManager' does not exist in the current context [C:\Users\caddy\Desktop\Projects\csharp-planetrender\csharp-planetary-port\PlanetaryTerrainRenderer.csproj]
C:\Users\caddy\Desktop\Projects\csharp-planetrender\csharp-planetary-port\Program.cs(586,17): error CS0103: The name 'debugUtils' does not exist in the current context [C:\Users\caddy\Desktop\Projects\csharp-planetrender\csharp-planetary-port\PlanetaryTerrainRenderer.csproj]
C:\Users\caddy\Desktop\Projects\csharp-planetrender\csharp-planetary-port\Program.cs(587,17): error CS0103: The name 'debugUtils' does not exist in the current context [C:\Users\caddy\Desktop\Projects\csharp-planetrender\csharp-planetary-port\PlanetaryTerrainRenderer.csproj]
C:\Users\caddy\Desktop\Projects\csharp-planetrender\csharp-planetary-port\Program.cs(587,65): error CS0103: The name 'debugMessenger' does not exist in the current context [C:\Users\caddy\Desktop\Projects\csharp-planetrender\csharp-planetary-port\PlanetaryTerrainRenderer.csproj]
C:\Users\caddy\Desktop\Projects\csharp-planetrender\csharp-planetary-port\Program.cs(588,17): error CS0103: The name 'debugUtils' does not exist in the current context [C:\Users\caddy\Desktop\Projects\csharp-planetrender\csharp-planetary-port\PlanetaryTerrainRenderer.csproj]
    16 Warning(s)
    45 Error(s)

Time Elapsed 00:00:00.99
